running egg_info
creating ../../build/mini_rover/mini_rover.egg-info
writing ../../build/mini_rover/mini_rover.egg-info/PKG-INFO
writing dependency_links to ../../build/mini_rover/mini_rover.egg-info/dependency_links.txt
writing requirements to ../../build/mini_rover/mini_rover.egg-info/requires.txt
writing top-level names to ../../build/mini_rover/mini_rover.egg-info/top_level.txt
writing manifest file '../../build/mini_rover/mini_rover.egg-info/SOURCES.txt'
reading manifest file '../../build/mini_rover/mini_rover.egg-info/SOURCES.txt'
writing manifest file '../../build/mini_rover/mini_rover.egg-info/SOURCES.txt'
running build
running build_py
creating /home/yann/Work/ROS2/build/mini_rover/build/lib/mini_rover
copying mini_rover/__init__.py -> /home/yann/Work/ROS2/build/mini_rover/build/lib/mini_rover
copying mini_rover/py.typed -> /home/yann/Work/ROS2/build/mini_rover/build/lib/mini_rover
running install
running install_lib
creating /home/yann/Work/ROS2/install/mini_rover/lib/python3.14/site-packages/mini_rover
copying /home/yann/Work/ROS2/build/mini_rover/build/lib/mini_rover/py.typed -> /home/yann/Work/ROS2/install/mini_rover/lib/python3.14/site-packages/mini_rover
copying /home/yann/Work/ROS2/build/mini_rover/build/lib/mini_rover/__init__.py -> /home/yann/Work/ROS2/install/mini_rover/lib/python3.14/site-packages/mini_rover
byte-compiling /home/yann/Work/ROS2/install/mini_rover/lib/python3.14/site-packages/mini_rover/__init__.py to __init__.cpython-314.pyc
running install_data
creating /home/yann/Work/ROS2/install/mini_rover/share/ament_index/resource_index/packages
copying resource/mini_rover -> /home/yann/Work/ROS2/install/mini_rover/share/ament_index/resource_index/packages
copying package.xml -> /home/yann/Work/ROS2/install/mini_rover/share/mini_rover
running install_egg_info
Copying ../../build/mini_rover/mini_rover.egg-info to /home/yann/Work/ROS2/install/mini_rover/lib/python3.14/site-packages/mini_rover-0.0.0-py3.14.egg-info
running install_scripts
writing list of installed files to '/home/yann/Work/ROS2/build/mini_rover/install.log'
