[1.138s] Invoking command in '/home/yann/Work/ROS2/src/mini_rover': DEBUGINFOD_URLS=https://debuginfod.ubuntu.com PYTHONPATH=/home/yann/Work/ROS2/build/mini_rover/prefix_override:/usr/lib/python3/dist-packages/colcon_core/task/python/colcon_distutils_commands:/home/yann/Work/ROS2/install/mini_rover/lib/python3.14/site-packages:${PYTHONPATH} /usr/bin/python3 -W ignore:setup.py install is deprecated -W ignore:easy_install command is deprecated setup.py egg_info --egg-base ../../build/mini_rover build --build-base /home/yann/Work/ROS2/build/mini_rover/build install --record /home/yann/Work/ROS2/build/mini_rover/install.log --install-scripts $base/lib/mini_rover --single-version-externally-managed install_data
[1.449s] running egg_info
[1.467s] creating ../../build/mini_rover/mini_rover.egg-info
[1.467s] writing ../../build/mini_rover/mini_rover.egg-info/PKG-INFO
[1.468s] writing dependency_links to ../../build/mini_rover/mini_rover.egg-info/dependency_links.txt
[1.468s] writing requirements to ../../build/mini_rover/mini_rover.egg-info/requires.txt
[1.468s] writing top-level names to ../../build/mini_rover/mini_rover.egg-info/top_level.txt
[1.469s] writing manifest file '../../build/mini_rover/mini_rover.egg-info/SOURCES.txt'
[1.512s] reading manifest file '../../build/mini_rover/mini_rover.egg-info/SOURCES.txt'
[1.513s] writing manifest file '../../build/mini_rover/mini_rover.egg-info/SOURCES.txt'
[1.514s] running build
[1.514s] running build_py
[1.514s] creating /home/yann/Work/ROS2/build/mini_rover/build/lib/mini_rover
[1.514s] copying mini_rover/__init__.py -> /home/yann/Work/ROS2/build/mini_rover/build/lib/mini_rover
[1.515s] copying mini_rover/py.typed -> /home/yann/Work/ROS2/build/mini_rover/build/lib/mini_rover
[1.515s] running install
[1.522s] running install_lib
[1.541s] creating /home/yann/Work/ROS2/install/mini_rover/lib/python3.14/site-packages/mini_rover
[1.541s] copying /home/yann/Work/ROS2/build/mini_rover/build/lib/mini_rover/py.typed -> /home/yann/Work/ROS2/install/mini_rover/lib/python3.14/site-packages/mini_rover
[1.541s] copying /home/yann/Work/ROS2/build/mini_rover/build/lib/mini_rover/__init__.py -> /home/yann/Work/ROS2/install/mini_rover/lib/python3.14/site-packages/mini_rover
[1.542s] byte-compiling /home/yann/Work/ROS2/install/mini_rover/lib/python3.14/site-packages/mini_rover/__init__.py to __init__.cpython-314.pyc
[1.542s] running install_data
[1.543s] creating /home/yann/Work/ROS2/install/mini_rover/share/ament_index/resource_index/packages
[1.543s] copying resource/mini_rover -> /home/yann/Work/ROS2/install/mini_rover/share/ament_index/resource_index/packages
[1.543s] copying package.xml -> /home/yann/Work/ROS2/install/mini_rover/share/mini_rover
[1.544s] running install_egg_info
[1.564s] Copying ../../build/mini_rover/mini_rover.egg-info to /home/yann/Work/ROS2/install/mini_rover/lib/python3.14/site-packages/mini_rover-0.0.0-py3.14.egg-info
[1.567s] running install_scripts
[1.669s] writing list of installed files to '/home/yann/Work/ROS2/build/mini_rover/install.log'
[1.709s] Invoked command in '/home/yann/Work/ROS2/src/mini_rover' returned '0': DEBUGINFOD_URLS=https://debuginfod.ubuntu.com PYTHONPATH=/home/yann/Work/ROS2/build/mini_rover/prefix_override:/usr/lib/python3/dist-packages/colcon_core/task/python/colcon_distutils_commands:/home/yann/Work/ROS2/install/mini_rover/lib/python3.14/site-packages:${PYTHONPATH} /usr/bin/python3 -W ignore:setup.py install is deprecated -W ignore:easy_install command is deprecated setup.py egg_info --egg-base ../../build/mini_rover build --build-base /home/yann/Work/ROS2/build/mini_rover/build install --record /home/yann/Work/ROS2/build/mini_rover/install.log --install-scripts $base/lib/mini_rover --single-version-externally-managed install_data
