[1.366s] Invoking command in '/home/yann/Work/ROS2/src/mini_rover': DEBUGINFOD_URLS=https://debuginfod.ubuntu.com PYTHONPATH=/home/yann/Work/ROS2/build/mini_rover/prefix_override:/usr/lib/python3/dist-packages/colcon_core/task/python/colcon_distutils_commands:/home/yann/Work/ROS2/install/mini_rover/lib/python3.14/site-packages:${PYTHONPATH} /usr/bin/python3 -W ignore:setup.py install is deprecated -W ignore:easy_install command is deprecated setup.py egg_info --egg-base ../../build/mini_rover build --build-base /home/yann/Work/ROS2/build/mini_rover/build install --record /home/yann/Work/ROS2/build/mini_rover/install.log --install-scripts $base/lib/mini_rover --single-version-externally-managed install_data
[1.927s] running egg_info
[1.950s] writing ../../build/mini_rover/mini_rover.egg-info/PKG-INFO
[1.952s] writing dependency_links to ../../build/mini_rover/mini_rover.egg-info/dependency_links.txt
[1.952s] writing entry points to ../../build/mini_rover/mini_rover.egg-info/entry_points.txt
[1.952s] writing requirements to ../../build/mini_rover/mini_rover.egg-info/requires.txt
[1.953s] writing top-level names to ../../build/mini_rover/mini_rover.egg-info/top_level.txt
[2.004s] reading manifest file '../../build/mini_rover/mini_rover.egg-info/SOURCES.txt'
[2.007s] writing manifest file '../../build/mini_rover/mini_rover.egg-info/SOURCES.txt'
[2.007s] running build
[2.007s] running build_py
[2.007s] copying mini_rover/motion_controller.py -> /home/yann/Work/ROS2/build/mini_rover/build/lib/mini_rover
[2.008s] copying mini_rover/status_listener.py -> /home/yann/Work/ROS2/build/mini_rover/build/lib/mini_rover
[2.009s] copying mini_rover/robot_monitor.py -> /home/yann/Work/ROS2/build/mini_rover/build/lib/mini_rover
[2.010s] copying mini_rover/__init__.py -> /home/yann/Work/ROS2/build/mini_rover/build/lib/mini_rover
[2.011s] copying mini_rover/py.typed -> /home/yann/Work/ROS2/build/mini_rover/build/lib/mini_rover
[2.012s] running install
[2.023s] running install_lib
[2.061s] copying /home/yann/Work/ROS2/build/mini_rover/build/lib/mini_rover/motion_controller.py -> /home/yann/Work/ROS2/install/mini_rover/lib/python3.14/site-packages/mini_rover
[2.062s] byte-compiling /home/yann/Work/ROS2/install/mini_rover/lib/python3.14/site-packages/mini_rover/motion_controller.py to motion_controller.cpython-314.pyc
[2.064s] running install_data
[2.065s] copying resource/mini_rover -> /home/yann/Work/ROS2/install/mini_rover/share/ament_index/resource_index/packages
[2.066s] copying package.xml -> /home/yann/Work/ROS2/install/mini_rover/share/mini_rover
[2.066s] running install_egg_info
[2.089s] removing '/home/yann/Work/ROS2/install/mini_rover/lib/python3.14/site-packages/mini_rover-0.0.0-py3.14.egg-info' (and everything under it)
[2.090s] Copying ../../build/mini_rover/mini_rover.egg-info to /home/yann/Work/ROS2/install/mini_rover/lib/python3.14/site-packages/mini_rover-0.0.0-py3.14.egg-info
[2.091s] running install_scripts
[2.311s] Installing motion_controller script to /home/yann/Work/ROS2/install/mini_rover/lib/mini_rover
[2.311s] Installing robot_monitor script to /home/yann/Work/ROS2/install/mini_rover/lib/mini_rover
[2.311s] Installing status_listener script to /home/yann/Work/ROS2/install/mini_rover/lib/mini_rover
[2.312s] writing list of installed files to '/home/yann/Work/ROS2/build/mini_rover/install.log'
[2.415s] Invoked command in '/home/yann/Work/ROS2/src/mini_rover' returned '0': DEBUGINFOD_URLS=https://debuginfod.ubuntu.com PYTHONPATH=/home/yann/Work/ROS2/build/mini_rover/prefix_override:/usr/lib/python3/dist-packages/colcon_core/task/python/colcon_distutils_commands:/home/yann/Work/ROS2/install/mini_rover/lib/python3.14/site-packages:${PYTHONPATH} /usr/bin/python3 -W ignore:setup.py install is deprecated -W ignore:easy_install command is deprecated setup.py egg_info --egg-base ../../build/mini_rover build --build-base /home/yann/Work/ROS2/build/mini_rover/build install --record /home/yann/Work/ROS2/build/mini_rover/install.log --install-scripts $base/lib/mini_rover --single-version-externally-managed install_data
